// Jest Snapshot v1, https://goo.gl/fbAQLP

exports[`About renders a snapshot properly 1`] = `
<div>
  <h1
    className="title is-1"
  >
    About
  </h1>
  <hr />
  <br />
  <p>
    <a
      href="https://github.com/northkevin/microservice-app"
    >
      View the source code for this application on Github
    </a>
  </p>
</div>
`;
